// Jest Snapshot v1, https://goo.gl/fbAQLP

exports[`metadata operations should patch metadata from an empty project 1`] = `
Object {
  "sources": Array [
    Object {
      "configuration": Object {
        "connection_info": Object {
          "database_url": Object {
            "from_env": "HASURA_GRAPHQL_DATABASE_URL",
          },
          "isolation_level": "read-committed",
          "pool_settings": Object {
            "connection_lifetime": 600,
            "idle_timeout": 180,
            "max_connections": 50,
            "retries": 1,
          },
          "use_prepared_statements": true,
        },
      },
      "kind": "postgres",
      "name": "default",
      "tables": Array [
        Object {
          "configuration": Object {
            "custom_column_names": Object {
              "id": "id",
              "options": "options",
            },
            "custom_name": "authProviderRequests",
            "custom_root_fields": Object {
              "delete": "deleteAuthProviderRequests",
              "delete_by_pk": "deleteAuthProviderRequest",
              "insert": "insertAuthProviderRequests",
              "insert_one": "insertAuthProviderRequest",
              "select": "authProviderRequests",
              "select_aggregate": "authProviderRequestsAggregate",
              "select_by_pk": "authProviderRequest",
              "update": "updateAuthProviderRequests",
              "update_by_pk": "updateAuthProviderRequest",
            },
          },
          "table": Object {
            "name": "provider_requests",
            "schema": "auth",
          },
        },
        Object {
          "array_relationships": Array [
            Object {
              "name": "refreshTokens",
              "using": Object {
                "foreign_key_constraint_on": Object {
                  "column": "type",
                  "table": Object {
                    "name": "refresh_tokens",
                    "schema": "auth",
                  },
                },
              },
            },
          ],
          "configuration": Object {
            "custom_name": "authRefreshTokenTypes",
            "custom_root_fields": Object {
              "delete": "deleteAuthRefreshTokenTypes",
              "delete_by_pk": "deleteAuthRefreshTokenType",
              "insert": "insertAuthRefreshTokenTypes",
              "insert_one": "insertAuthRefreshTokenType",
              "select": "authRefreshTokenTypes",
              "select_aggregate": "authRefreshTokenTypesAggregate",
              "select_by_pk": "authRefreshTokenType",
              "update": "updateAuthRefreshTokenTypes",
              "update_by_pk": "updateAuthRefreshTokenType",
            },
          },
          "is_enum": true,
          "table": Object {
            "name": "refresh_token_types",
            "schema": "auth",
          },
        },
        Object {
          "configuration": Object {
            "column_config": Object {},
            "custom_column_names": Object {
              "created_at": "createdAt",
              "expires_at": "expiresAt",
              "refresh_token_hash": "refreshTokenHash",
              "user_id": "userId",
            },
            "custom_name": "authRefreshTokens",
            "custom_root_fields": Object {
              "delete": "deleteAuthRefreshTokens",
              "delete_by_pk": "deleteAuthRefreshToken",
              "insert": "insertAuthRefreshTokens",
              "insert_one": "insertAuthRefreshToken",
              "select": "authRefreshTokens",
              "select_aggregate": "authRefreshTokensAggregate",
              "select_by_pk": "authRefreshToken",
              "update": "updateAuthRefreshTokens",
              "update_by_pk": "updateAuthRefreshToken",
            },
          },
          "delete_permissions": Array [
            Object {
              "permission": Object {
                "filter": Object {
                  "_and": Array [
                    Object {
                      "user_id": Object {
                        "_eq": "X-Hasura-User-Id",
                      },
                    },
                    Object {
                      "type": Object {
                        "_eq": "pat",
                      },
                    },
                  ],
                },
              },
              "role": "user",
            },
          ],
          "object_relationships": Array [
            Object {
              "name": "user",
              "using": Object {
                "foreign_key_constraint_on": "user_id",
              },
            },
          ],
          "select_permissions": Array [
            Object {
              "permission": Object {
                "columns": Array [
                  "id",
                  "created_at",
                  "expires_at",
                  "metadata",
                  "type",
                  "user_id",
                ],
                "filter": Object {
                  "user_id": Object {
                    "_eq": "X-Hasura-User-Id",
                  },
                },
              },
              "role": "user",
            },
          ],
          "table": Object {
            "name": "refresh_tokens",
            "schema": "auth",
          },
        },
        Object {
          "array_relationships": Array [
            Object {
              "name": "userRoles",
              "using": Object {
                "foreign_key_constraint_on": Object {
                  "column": "role",
                  "table": Object {
                    "name": "user_roles",
                    "schema": "auth",
                  },
                },
              },
            },
            Object {
              "name": "usersByDefaultRole",
              "using": Object {
                "foreign_key_constraint_on": Object {
                  "column": "default_role",
                  "table": Object {
                    "name": "users",
                    "schema": "auth",
                  },
                },
              },
            },
          ],
          "configuration": Object {
            "custom_column_names": Object {
              "role": "role",
            },
            "custom_name": "authRoles",
            "custom_root_fields": Object {
              "delete": "deleteAuthRoles",
              "delete_by_pk": "deleteAuthRole",
              "insert": "insertAuthRoles",
              "insert_one": "insertAuthRole",
              "select": "authRoles",
              "select_aggregate": "authRolesAggregate",
              "select_by_pk": "authRole",
              "update": "updateAuthRoles",
              "update_by_pk": "updateAuthRole",
            },
          },
          "table": Object {
            "name": "roles",
            "schema": "auth",
          },
        },
        Object {
          "configuration": Object {
            "custom_column_names": Object {
              "access_token": "accessToken",
              "created_at": "createdAt",
              "id": "id",
              "provider_id": "providerId",
              "provider_user_id": "providerUserId",
              "refresh_token": "refreshToken",
              "updated_at": "updatedAt",
              "user_id": "userId",
            },
            "custom_name": "authUserProviders",
            "custom_root_fields": Object {
              "delete": "deleteAuthUserProviders",
              "delete_by_pk": "deleteAuthUserProvider",
              "insert": "insertAuthUserProviders",
              "insert_one": "insertAuthUserProvider",
              "select": "authUserProviders",
              "select_aggregate": "authUserProvidersAggregate",
              "select_by_pk": "authUserProvider",
              "update": "updateAuthUserProviders",
              "update_by_pk": "updateAuthUserProvider",
            },
          },
          "object_relationships": Array [
            Object {
              "name": "user",
              "using": Object {
                "foreign_key_constraint_on": "user_id",
              },
            },
            Object {
              "name": "provider",
              "using": Object {
                "foreign_key_constraint_on": "provider_id",
              },
            },
          ],
          "table": Object {
            "name": "user_providers",
            "schema": "auth",
          },
        },
        Object {
          "configuration": Object {
            "custom_column_names": Object {
              "created_at": "createdAt",
              "id": "id",
              "role": "role",
              "user_id": "userId",
            },
            "custom_name": "authUserRoles",
            "custom_root_fields": Object {
              "delete": "deleteAuthUserRoles",
              "delete_by_pk": "deleteAuthUserRole",
              "insert": "insertAuthUserRoles",
              "insert_one": "insertAuthUserRole",
              "select": "authUserRoles",
              "select_aggregate": "authUserRolesAggregate",
              "select_by_pk": "authUserRole",
              "update": "updateAuthUserRoles",
              "update_by_pk": "updateAuthUserRole",
            },
          },
          "object_relationships": Array [
            Object {
              "name": "user",
              "using": Object {
                "foreign_key_constraint_on": "user_id",
              },
            },
            Object {
              "name": "roleByRole",
              "using": Object {
                "foreign_key_constraint_on": "role",
              },
            },
          ],
          "table": Object {
            "name": "user_roles",
            "schema": "auth",
          },
        },
        Object {
          "array_relationships": Array [
            Object {
              "name": "userProviders",
              "using": Object {
                "foreign_key_constraint_on": Object {
                  "column": "user_id",
                  "table": Object {
                    "name": "user_providers",
                    "schema": "auth",
                  },
                },
              },
            },
            Object {
              "name": "roles",
              "using": Object {
                "foreign_key_constraint_on": Object {
                  "column": "user_id",
                  "table": Object {
                    "name": "user_roles",
                    "schema": "auth",
                  },
                },
              },
            },
            Object {
              "name": "refreshTokens",
              "using": Object {
                "foreign_key_constraint_on": Object {
                  "column": "user_id",
                  "table": Object {
                    "name": "refresh_tokens",
                    "schema": "auth",
                  },
                },
              },
            },
            Object {
              "name": "securityKeys",
              "using": Object {
                "foreign_key_constraint_on": Object {
                  "column": "user_id",
                  "table": Object {
                    "name": "user_security_keys",
                    "schema": "auth",
                  },
                },
              },
            },
          ],
          "configuration": Object {
            "custom_column_names": Object {
              "active_mfa_type": "activeMfaType",
              "avatar_url": "avatarUrl",
              "created_at": "createdAt",
              "default_role": "defaultRole",
              "disabled": "disabled",
              "display_name": "displayName",
              "email": "email",
              "email_verified": "emailVerified",
              "id": "id",
              "is_anonymous": "isAnonymous",
              "last_seen": "lastSeen",
              "locale": "locale",
              "new_email": "newEmail",
              "otp_hash": "otpHash",
              "otp_hash_expires_at": "otpHashExpiresAt",
              "otp_method_last_used": "otpMethodLastUsed",
              "password_hash": "passwordHash",
              "phone_number": "phoneNumber",
              "phone_number_verified": "phoneNumberVerified",
              "ticket": "ticket",
              "ticket_expires_at": "ticketExpiresAt",
              "totp_secret": "totpSecret",
              "updated_at": "updatedAt",
              "webauthn_current_challenge": "currentChallenge",
            },
            "custom_name": "users",
            "custom_root_fields": Object {
              "delete": "deleteUsers",
              "delete_by_pk": "deleteUser",
              "insert": "insertUsers",
              "insert_one": "insertUser",
              "select": "users",
              "select_aggregate": "usersAggregate",
              "select_by_pk": "user",
              "update": "updateUsers",
              "update_by_pk": "updateUser",
            },
          },
          "object_relationships": Array [
            Object {
              "name": "defaultRoleByRole",
              "using": Object {
                "foreign_key_constraint_on": "default_role",
              },
            },
          ],
          "table": Object {
            "name": "users",
            "schema": "auth",
          },
        },
        Object {
          "array_relationships": Array [
            Object {
              "name": "userProviders",
              "using": Object {
                "foreign_key_constraint_on": Object {
                  "column": "provider_id",
                  "table": Object {
                    "name": "user_providers",
                    "schema": "auth",
                  },
                },
              },
            },
          ],
          "configuration": Object {
            "custom_column_names": Object {
              "id": "id",
            },
            "custom_name": "authProviders",
            "custom_root_fields": Object {
              "delete": "deleteAuthProviders",
              "delete_by_pk": "deleteAuthProvider",
              "insert": "insertAuthProviders",
              "insert_one": "insertAuthProvider",
              "select": "authProviders",
              "select_aggregate": "authProvidersAggregate",
              "select_by_pk": "authProvider",
              "update": "updateAuthProviders",
              "update_by_pk": "updateAuthProvider",
            },
          },
          "table": Object {
            "name": "providers",
            "schema": "auth",
          },
        },
        Object {
          "configuration": Object {
            "custom_column_names": Object {
              "credential_id": "credentialId",
              "credential_public_key": "credentialPublicKey",
              "id": "id",
              "user_id": "userId",
            },
            "custom_name": "authUserSecurityKeys",
            "custom_root_fields": Object {
              "delete": "deleteAuthUserSecurityKeys",
              "delete_by_pk": "deleteAuthUserSecurityKey",
              "insert": "insertAuthUserSecurityKeys",
              "insert_one": "insertAuthUserSecurityKey",
              "select": "authUserSecurityKeys",
              "select_aggregate": "authUserSecurityKeysAggregate",
              "select_by_pk": "authUserSecurityKey",
              "update": "updateAuthUserSecurityKeys",
              "update_by_pk": "updateAuthUserSecurityKey",
            },
          },
          "object_relationships": Array [
            Object {
              "name": "user",
              "using": Object {
                "foreign_key_constraint_on": "user_id",
              },
            },
          ],
          "table": Object {
            "name": "user_security_keys",
            "schema": "auth",
          },
        },
      ],
    },
  ],
  "version": 3,
}
`;
