// Jest Snapshot v1, https://goo.gl/fbAQLP

exports[`conceal error messages should conceal errors 1`] = `
Object {
  "error": "invalid-email-password",
  "message": "The request payload is incorrect",
  "status": 400,
}
`;

exports[`conceal error messages should conceal errors 2`] = `
Object {
  "error": "invalid-email-password",
  "message": "Incorrect email or password",
  "status": 401,
}
`;
